uuid: 8e905580-4b84-4350-ba26-f0be7b3bcc11
langcode: en
status: true
dependencies:
  config:
    - field.storage.lms_activity.bool_expected
    - lms.lms_activity_type.true_false
_core:
  default_config_hash: n_YmG4-vJ03AS684tOOejyccOXu6fpwRbX8lPeUxavw
id: lms_activity.true_false.bool_expected
field_name: bool_expected
entity_type: lms_activity
bundle: true_false
label: 'Correct answer'
description: ''
required: true
translatable: false
default_value: {  }
default_value_callback: ''
settings:
  on_label: 'True'
  off_label: 'False'
field_type: boolean
